<html style="background-color:#edecec">

<head>
    <meta charset="utf-8">
    <meta name="robots" content="noindex,nofollow">
    <meta name="generator" content="Matomo Analytics">
</head>

<body style="color:#212121;font-family:-apple-system, BlinkMacSystemFont, 'Segoe UI', Roboto, Oxygen-Sans, Cantarell, 'Helvetica Neue', sans-serif; line-height: 24px; margin:0 auto; max-width:1000px; background-color:rgb(255, 255, 255);box-shadow: 0px 0px 5px 1px rgba(0,0,0,0.75);">

<a name="reportTop"></a>

<table style="width:100%; background-color: &#x23;3450A3; color: &#x23;fff; padding:10px 0; margin: 0 0 25px 0; height:64px;">
    <tr>
        <td>
            <a style="color:#212121;font-family:-apple-system, BlinkMacSystemFont, 'Segoe UI', Roboto, Oxygen-Sans, Cantarell, 'Helvetica Neue', sans-serif;; font-size:16px;padding:0 15px;padding-bottom: 8px;color: &#x23;fff;height: 22px;display: inline-block;vertical-align: inherit;" rel="noreferrer noopener" target="_blank" href="http://example.com/piwik/tests/PHPUnit/proxy/">
                                    <img src="http://example.com/piwik/tests/PHPUnit/proxy//plugins/Morpheus/images/logo-email.png" height="30px" width="auto" alt="Matomo,&#x20;free&#x2F;libre&#x20;analytics&#x20;platform" />
                            </a>
        </td>
        <td align="right">
                        <a style="color:#212121;font-family:-apple-system, BlinkMacSystemFont, 'Segoe UI', Roboto, Oxygen-Sans, Cantarell, 'Helvetica Neue', sans-serif;; font-size:16px; padding:0 15px; color: &#x23;fff" title="View Web Analytics reports for A very long name for a very tiny test site, that also reaches the 90 character limit fully." target="_blank" href="http://example.com/piwik/tests/PHPUnit/proxy/index.php?module=CoreHome&action=redirectToCoreHomeIndex&idSite=1&period=day&date=today-date-removed-in-tests">
                Dashboard
            </a>
                    </td>
    </tr>
</table>

<div style="margin:0 20px 25px 20px;">

    <h2 style='color:#212121;font-family:-apple-system, BlinkMacSystemFont, &#039;Segoe UI&#039;, Roboto, Oxygen-Sans, Cantarell, &#039;Helvetica Neue&#039;, sans-serif; color:#37474f; line-height:30px; margin:25px 0 15px 0;'>
        Hello,
    </h2>

    <p style='font-size:15px;line-height:24px;margin:0 0 16px;color:#212121;font-family:-apple-system, BlinkMacSystemFont, &#039;Segoe UI&#039;, Roboto, Oxygen-Sans, Cantarell, &#039;Helvetica Neue&#039;, sans-serif;'>
                Please find below your day report for A very long name for a very tiny test site, that also reaches the 90 character limit fully.
                <br />Mail Test report (previous10)
        <br />Date range: week April 4 – 10, 2011
        <br />Sent from http://example.com/piwik/tests/PHPUnit/proxy/.
    </p>

    
    
<h2 id="Actions_getPageTitles" style=" color:#0d0d0d;font-family:-apple-system, BlinkMacSystemFont, &#039;Segoe UI&#039;, Roboto, Oxygen-Sans, Cantarell, &#039;Helvetica Neue&#039;, sans-serif; font-size: 24pt; font-weight:normal; margin:45px 0 30px 0;">
    Page titles
</h2>

            <img alt=""
                                    src="data:image/png;base64,iVBORw0KGgoAAAANSUhEUgAAArwAAADICAIAAACF9KXqAAAACXBIWXMAAA7EAAAOxAGVKw4bAAAgAElEQVR4nO3de3AUx50H8JYQkpAQElgCIUCLWEACYYGRwMZYIIwNAsvIGHyyY/vw+RnH8SN+Ja7LxUoqju/sy8t35TqSqtQ5dXVXqnMSYxLHqcR1dny+PIxTJBcH25RshG2ilQiYx0qLXnt/DDcMM9M9PT2P7pn9foqiRrPT3b/p6Z3p7Z7ZzctmswQAAADASb7sAAAAACAa0GkAAAAALug0AAAAABd0GgAAAIALOg0AAADABZ0GAAAA4IJOAwAAAHBBpwEAAAC4+NNpSCaTvuQDAAAAyirwnkUIPYY/HhwMuggAYFi2qEp2CAAgn9eRhmQy2dvb60soAAAAoDJPnQb0GAR0tl8iJcPO9ku0f/6WHoIoxhxFqGcAcCTeaZDYY7A9u2krceKz1dl+yZ6Xf639Y28WWkictMgJPTZ2zEHvkd4VC61DFlwpe17+tYINAACU4umeBuPdDHof4s033zRu88477yxdutRLKYSQvv6Mac17771n3ey99957+pnv276kFIEIH7nvr59+5vteMjRuQ8st/Npj75f2qh4SLTZGzCHskTH+zvZLGLvjV3HB7dHTz3yftgtnTh4OqFAACF9zc7NYQvFOg3GYwTjqsGrVKuNmpj/FFJ1/I6T2kUj7ANqfShUXF+3qamd/hlbK4sWL/U3Fk6FpG7EYgsCOxPgqbUvv+zKcyQwMpBK1CYG0xtKNLTO6bOsTN0LyOHDgQG1tbWlpqexAIMIGBweHhoYSCZHTUQh8eHpCKaZTtj7cqq80bkBbNuVGy0Rbzy7OtJ4WpzUYYz6mmRfOKQZTbnq0jNysFWKMnFEuLTdjWmulsfeL/+rLCJXWHkxR0crlrHNGYLYhmWKglWUbmzUYgUbOOKzx6PcAQEDi1mkwcuwTeMnE8WLDed3iKZH/PG5brim5WG7WP9mF2u61aaWP1yeeUL0fCO8h0WIQLksgIedhBQCw8ufLncK/I9L4ydJ2bsL2+mTdwPHKQcuE/bHY+IHe1RnZmo+XtB7vaxO4Ahm7JmIZinHM2fuB4KlMU+eMMwZaWaZC2f1U2yB5Gjl6DADAL+YjDdaVjiPSkabU3e9KBSOAM37GUD9/DQjXlUAjt51ZAwDgIaHTcO3nfsS/8Q+/uV24oBw8J6qzy27nAhTEWZm0zVzVAC0T470gPg7eGO9sUKfNAID6VP/Bqu7ubtpL2pn0rl2dz/W87DZb66cu8FFsRm6EqVADjo1cv10m9NAAIKokdBp++M3tTeW/71xxkuefcCm287v6S9aNefJkXAlo08/W9bScafnwBGab1m1yMTwB+xKG7eWN/9rs8UAwkvCg3aPAUxZ7mEGgkaOXAADC5NzTwBg/8JHplCr89ARnDrTbJE3rba8fttsY82Hcg0mLgbElZ26crLkx9o4/EuvF0pqPq+C9HAgvZdGK86UsgYTsJCqMkQCAsvKy2azsGJwxfuVS+3KnivKKIMrFCVSuQOvfmLmXL3fyKwZF0ELClzvxwJc7gXeKf7mT6vc0QC6L34w7+xFK6RQMCQCUEudHLiEGGDP6UeTvxJC/4lTPABAQTE8ASJueiBBMT/DA9AR4p/j0RDRGGhgnrLLCoZKSkqoqnNFAXDqdnlpwegmuiwAATLinAQAAALhEY6Rh7KPXaC8VDKbyi4vGzmB6AsRlhzNFx1JjHw3IDiRUBXPXyw4BACIGIw0AAADABZ2G89Svv1V2CA7Uj5BTbHZEZahkAPBXNKYnaLRz4m/3fEN2IPZMp+x3X/uerEhUU7/+1ndf+572P+1VdtpAYzP+Gc5RC2inGJUMACAg2p0GXwR6VjXmLPH0rdSVw2MwIexI+Ect0Bao1NEHgEiL8PSEdir8Zc+TqzsflB0LF+30LTsKcAdHDQBAF7eRBn3cW19j+tRoWqmtMV0VaMmtORiL4/8wR0tlDc8ajzEH2hprkOzMjTXGKNqaP229L5MLtENpysEaDLtyOONkRGWKhxaGbVm02BwjNB1f2rJtbBhsAAC/xK3TQOyuENbztb5sOp/Wr7+Vlpy2LHY6drzq2y4TjlvbrGkdrxn8RTMub4yEwhjHgraBqzzdxsnTtIjnOvGeylVCAAB+EZ6eoOG5t44x5kw71dJycDvAYFsKLXOPVzXOtLSasSbnvHXRryF9dvwC10WBOBlHjR2GbVmmEh27QdYIrZnYQo8BAIIQ1ZEG47n1t3u+Ec7nKoELIWOmIxL4dzkqE/+coxH6suNUkceyOFM5TrsI9GIBANyS0Gk49e1i/o3L7s/QXgr/KmX7ydttkghxNfgflT3liZNztEns6BuHHGgbOEbIKA5dBwAIjurTE93d3bSXtNn6X/Y8qez3NEQaJsVNVKgQ0704ttvod7GEGxoA5AQJnYay+zNfP/6FH1bs5vlnm4P19O14lnScS3ZkO7vsKgf+zGnXBlqJxrsQeLZnYMzQM/IXqxzbo8Z/aNxWjnCc7GwF6oQ9zMBIZd3YuhkAQHDk3NPAGD8IDu0WP/6PZaYt/f08xxOecd6aFoltPo63NxqzsiahFU1bti3FuBmtFEZCRm6MCHn+FCiLVjRjmb8s31OpMEYCAPGQl81mZcfgjPErl6n+VHFxUXkFfuVSkMcrivdHGHwknHNmODMwkKpNJOSGERBaPPiVS98dOHCgtra2tLRUdiAQYYODg0NDQwmfTke+U/2eBlCNx1keEsfvWPReJ8FRLR4AiLSoPnIJsrBnOlxlEpuLmS91EoQ4VTIAqADTEwA+T09EBaYnfIfpCfBO8emJaIw0MM5uY+N9EyUlBVVVYcYDMZOXTp8ZO1wwd4nsQAAAlIZ7GgAAAIBLNEYaTu07QntpJHUsvyh9qmI0zHggZoYzmfHUJ6fS1GYGwGO875P0X4omil186a2wspaaEEoBMMFIAwAAAHBBp+E8K7paZYfgQP0IgxDCXnc+epOX5Ll5XBhQIQCxFO1Ow4qu1vb7dsqOgmpFV6vxn+xwVKdsFSkbmI/83ccVXa37e16n5ckuK+jalvKuzIUmBDki2p0GXwT6ft7f87r+T+KJIxLnrP09rxv/lBuzsXRTYOELoSp83Eetx6BCJIwiQn5XSm9CAH6JcKdBOze9/MzzbXddLTsWLnL7DQBghXclKGVkdPyur/335771u9GxCdmx2IvG0xP8rOOixj6+vl5fqa0xnTUYnzJNORiL4/8wQUtlDc8ajzEH2hprkOzMjTXGKNqaP209rSpMQZqWrbvAf1zYu2P807bqfvXcz60F0fadUV3WUBmtwnYba6G2h4+zqTAOjakR2lYLLRPGfvEPM9DeqqYcrHvEbvy2kfNzPHWYXjKV1fnoTda2ZI3ZS4QQb9c/+iIhpHpGkexAqOLWaSB2ZxDryUhftl6raMlpy2KDsY5XfdtlwjFSbU1re54VK5px+mMkFODquLB3h9C7O/ylM/K3hsFTFTxtiXb43DYVzu3Z4fHXPz/HPN02ftvIvcfjb5v3950CcXLy9BltYculcyYXKDoPoGhYXjieowlzTJLzI5TwAINtKbTMPZ71ONPSaoZ9OWSXyz6/Wz9lugrS1Za+n5TZe8pTFbTDxBOq26bCiMdtUzfypVbZmQhcUN22Q8J8V7LDsC1rz1P/tmbXlYy0AhFC7rjl714ihCxdUNG0UN0fRojqSIPxvffq7r3hdNgF3t48I7oq499lni1txzzi92HLy2WA88O0cP7CYQj0kqVwW4HW1uhvWX6lgtg7fjKjLbSvmSs3EjYJnYa3Wr7Dv3HzvjtpL4X/3rP95O02SYS4GhyO9J76S7gqOCs8hKq2LUIfqw8nBjE8gXEOsQi8u/v6+n713M9tJ3RcRQg56LbHf0oIaV05tz5RMTQ0JDscKtWnJ7q7u2kvadO9Lz/z/Ku794YYUa4IbgBAzxljs0ZRGXHZL/v54YBEpf4hlk6lR7SFjnVJuZE4ktBpaN53596OI3+8t4jnn20O1re341nMtIHACcJ29tpVDvyZ0y6rtBKNs9Q82zMwZnAZ+fNXjjVzuWdqjweRpykyhvoZMTAq0DZ/zkPD0/JtixCoKJ77OfiTOzZ+2xKFj6/je4pRFnuYgREhzzLEz8REdtcXf0II2bRm/qLEDNnhOJBzTwNj/CA4tFvA+D82mbb09/MWT3jGeWVaJLb5ON7eaMzKmoRWNG3ZthS3Avo4y3kQGaU77iZPVViPCP8xpeXPc2jELtjGiQl2PqbrpbUaXTUMt42fFrnbsmhFM5a1P/v6+gQK4owQ4uqkPsywXvVhBkJIXjablR2DM8avXPanUsVFRRUV6t5rqjiPo7LxGNQdzmQGUqlEIuG4ZYT2V1aoIUxsycUIo6+vb+asWVPwK5fgxrWf+xEhZOPqxN1dF+Xn5w0ODg4NDfGcjqRQ/Z4GUI3HWR4IjiKHJn53PChSsRBLHw+c0hZ2bqrPz8+TGwyPqD5yCbIIjHVDONQ5NIxJ/ShSp2Ihfu598heEkM4NC2ddUCo7Fi6YngBwMT0BwIDpCXCl98NPHvnGfxFCdn9pc9X0Em2l4tMT0RhpYLw9jvWNFpeUlFVVhRkPxEx+Oj3p8JmyJTgLgyeTSk+U1s4qLY3GR0aQTusxdLU36D0G9eGeBgAAgLC9e+iYtnD5akUHFWxFY6ThyL5TtJeOpUbSRfmjFdQNABxlMsOfpMaPpNGKwJNP+sZra2UHAVEwMZF97NuvEUJuvroxQsMMBCMNAAAAIfvDewPawoZVEetmotNwntauFbJDcKB+hEHIzb12C7UUDtQzeHRmZOwru/+HELJr27KKsjBum/VRNKYnaLR3797dr8oOxJ7p5PJ6z35ZkURCa9cKVJEwvfZo1ciu3qArX8p7IaCder1nP9oqeHHD58/+XpL6vzRhhZGGYD83vN6zX/8n8QNKJD4bmc7CisesVHjer2EhXALDfy8Et1Ny384QaSOj49rCfTc2T5oUvUtw9CLWaSfK5595+eq72mTHwgUnGgAN3guQs65/9EVtoa0lYnczaKI9PWGl9SSM5yPjpw19vb5SW2M6f9GSW3MwFsf/sYaWyhqeNR5jDrQ11iDZmRtrjFG0NX/aelpVmII0LVt3gf+42O4L4ateayaMtMRwwaM1J0Za9sbWhsE+0LQ17L2zrSJTJtaYHcvlrF5aVKZ4aGHYlkWLzTFCdoNkx4ZJCvDi4V2rZYcgKG6dBmJ3LrOeWfRl67WKlpy2LHbicLzq2y4TjlFxa1rHsxt/0YwTMSOhAFfHhbYvxOnos5PTDrFtPfCnZWzMjs0vjjXptskRb7vAc8iI55bmPZWrhAC2tN+mWtNU09JYLTsWQRGenqDhuZYwRkd5LifGHNx+yLMthZa5x/MvZ1pazViTc16qGdVr3J7namQbpNvNOMOj1R5P0bZFCFSXaXtTqL5ctBwHWtwW4fboE+Z7gR2GbVmOteQYIWeDRI8BvBgdm9AWNqyuLZw8SW4wwqI60mA8C+zd/Wo4nwBcXeSsSaJ4xuHfZZ4tHT+gK4vz03YIkajJbf1Y24C/ZXGmcmyQAp8NAGi6HtlDCLn4wuqmxTNlxyJOQqfhOy1v8W98575m2kvhn6NtP3m7TRIhroapI72nbJz1INA8eBg/TCtbyTyBcY7hib2nHGtJuOr0uRIvmQB8ciqjLWxem4zuMANRf3qiu7ub9pI2W//8My8r+z0NkRbcJUrP2e0MhRQqX6pjQIXq5WmQr8t+ahqi7tYv/ZQQsnpZddOiaP+8ooROw537mo907C269488/2xzsJ5oHN/P3ueGbedBXeXAnzntLEYr0TgjzrM9A2MumZE/f+VYMw/hmsF59Hlqj7FfjtPkjMPErgRXwwy27wXh5I5NzrZE4beGY0tmlMUeZmCksm5s3QzAi8HjQ9rCjivq8/Pz5AbjkZx7GhjjB8Gh3W7G/wHCtKW/nzx4wjPOsNIisc3H8fZGY1bWJLSiacu2pbgVTvU6bsZZD7ZbWjdjHyYvu8Zu0q6KcNvkbP8UKItWNGOZvyzfU6kwRgJRcddXfkYIuXx1YlFihuxYvMrLZrOyY3DG+JXLVKq/qKi4oqIizHjixOO5Lx6nzkxmOJUaSCQC/4Fa4epiJwz0KChyiBUJQ2cbT19fX1N7XWlpqZSQQE2Dx4e0TsPTD25IznO+VA0ODg4NDYVwOhKj+j0NoBqPszy5xpfq4py/EMhZZSq3NNXiAZVpPYarWpM8PQb1RfWRS5DFx3H1XBBadbm67yESlG1pMatnCFTq6GltYWvrArmR+AXTEwDhTU9AvGF6AowmJrI7H3qBENKxbsGt25dzplJ8eiIaIw01LWW0l0b7jpWUFFdVUTcAcJRO5585PKlmCVoReHKiNMLP34PvPkqd/bi748oGuZH4CPc0AAAA+O+Bp14hhPzV5obyqUWyY/FNNEYaDvXvo73UfzxVPFyUHsf0BIgbHs4MnExN6U+HU9z86pZwCgIAWd49dExb2HpZTO5m0HjqNCSTSX25t7fXczAAAABx8Ni3XyOE3NzROC1GwwzEy/REMpnsNTB2IOJn49ouxzXs9b4HoEJWwIB6BshZ2k9gE0LaVtXKjcR34p0GiUMLsk7HIZTrpQietBvXdr3yRg9jY0YmQe/+xrVdxn+BlmUsNKCcX3mjB/0GgBw0MXH2mcTbr22aPq1YbjC+i+SNkNplLzblGi8txiJ8v+ToPQYxIVT7K2/06P/CueIGulPoNwDkIO0xS0LIZRfNlRtJEPzpNGhTFb5kBaDBFRcAImf4zJi28OnrVsTsbgaN16cntFsZjD2Gjz/+2LhBKpWqrq72WMrRY38x/tnV+ZmePc9qyzfuuO+5nq/vuOou/VX9JW1L40otobZS38y0jTXt2RiO/sVYrr7Gmvbo0XPR0jI3bWC8OuqhmtYbs6XlbNrGtH3PnmeNG9A23ri2S68lU0jsKtJSWbdxrGpGSPoaazy0GGzLogWm/T82Njo6OmZ7QE3x05ZtY9P+1OrTuLJw4ojt7kPUjYyMDA4OnjhxQnYgIM1nn/6NttAwb/KRIyLv9HQ6PTo6KpaWX01NjVhCr09PqDDAsKvrIdNVxHqdsF1J28Z2M2u5jO05NyCWC63xokW7LHHm7AWjlhjb8OfpNmZaPLQYxMrynspVQgCIGX2Y4bZtCwsmRXL235F4p4HWY5gzZw7jTzEj+eY+V2XlBfryD36y2/Q10pWVF5jm7/Vl000Dpm20NbZz/1qJxnJt0+rb0DK33UFjto7LjJyN27NLYW/suPucVaSv56wNY1rjBrZb0nLgOazG5crKC4aHMzfuuJ/ngJoSWsO2PcSmOqmpFuzjg+JOnDhRVVWFr5HOWdpDExcuqrpqw4XCmWhfIy08EhA0376ngUTzqxoCnTUPLvMoTvZzPtyhL5uuvq52Wax+bFPZ9m9MHRotoaz7cwFABSOj49pC54ZFciMJlHinQbiL8OXnXHwd3uO7qN8F6Yugb56PXM7B4YmZto3psu3YJ7DNhz2SxBkhozh0HQBy2fWPvkgIWbO8ZuWSWbJjCZDqky7d3d2yQ4iMuF6uPD4p6m8MjGc6wnxSFACUMj4+oS20x+tLo60kdBoe37Uv+0HHfHIvzz/hUkynb8bIs3GN/mHRMa2J9cJGy9w7Ws6u8re9vPFfnjmrSF/vY23Q8uQpizHM8L1/f4qRyrRxoF+nAQCRc93DewghrSvnNMxn3VgWA3J+sCqc8QPjxYN2LTRdYKwT1dZtdIwJeHbm7M0c1/PnbE1ivdfPtI1jPrbJjfP6psBo1chfFmee3ssKIpUKwyQAEKjjJzPawpbLkpMLVB+/9ygvm83KjsEZ61cu+1PFxUWmpyfAVqAXMBWujsIxDA9nBgZSiUQinJDwK5dxdeDAgdraWjw9kWu0hyYuXVHz4M2r8/PzPOamPT0RxOnIFzHvE4FR/GbcTdMT0nstJgqGBAD++vPgaW3huk0N3nsM6pMzPQGysL8uInJ4ZqBkiVM9AwDNPV/7OSGkfW1dYna57FjCgE5DzgnoSibrAqnshVnZwADALx+lTmkLm9fWyY0kNNHoNDDmgPPO9JWUlFRVVYUZD8RMOp0mmcPzq5fIDgQAouS+v/8FIWT75YtyZJiB4J4GAAAAAdr9j4SQK9fkyjADQacBAADALf3bnHZuqq+uzKHnZdBpAAAAcEf7NidCSOf6hXIjCRk6DQAAACI+tXVJaUmh7ChChU4DAACAC/rdDNva4vyDlrbQaQAAAHDtjh3LCydPkh1F2NBpAAAA4KUPM6xbOVduJFKg0wAAAODOPV0X5drdDBp0GgAAALjowwyXNNXIjUQWdBoAAACcDWVGtYUHbmrJzWEGgk4DAAAAj5se+zEhJDF7Ws4OMxB0GgAAABydPH1GW7ipozEHH5rQodMAAADg4Ja/e4kQsnLJrOal1bJjkQmdBgAAAJZT6RFtYVtbbn1ptBU6DQAAACy7vvgTQsi65rlNi2fKjkUydBoAAACoRsfO/qBlx7pcH2Yg6DQAAAAwdD2yhxCycXViwdwK2bHIh04DAACAPf3bnDrWJ/Pz8+QGowJ0GgAAAFjWN8+bVz1NdhRKQKcBAADAhj7M0NW+BMMMGnQaAAAAqLa1LayuLJUdhSrQaQAAADDThxk2X1onNxKloNMAAABgr2tzw+yqqbKjUAg6DQAAAOfRhxkuvzghNxLVoNMAAABwjv5tTjdetbRqeoncYFSDTgMAAMA52rc5EULacTeDBToNAAAAZ+nDDLd0ListKZQbjILQaQAAADhLH2bY1rZIbiRqQqcBAADgPPdcv1JKuYPvvPvsS1ve+O6zUkrnUSA7AAAAACVoD02sXDKzdeXckIseOZ1+8gfrteW+aQdCLp0fOg0AAADntLUkCidPCrPE4RMnnnphIyGk5MNkwUjR0unNYZbuCjoNAAAAZ4cZ1iyf3dxYHWa5X36uRVsoO9QwZyKxavvOSTNmhBmAK+g0AABArhvKjGoLbS21U4pCujL+ae+P//NYNyGk8M9zi4fKt6y5vmHLlsHBwaGhoXACEIBOAwAA5LqbHvsxIaQxWbm8flYIxaUHj/7jS+3a8uRUTcPYRdu/8ngI5XqHTgMAAOQ0/Uujd26qD+FuBn0+ouTDhdMy07dc/Te1F68OulC/oNMAAABALm6qWb54ZqBFpP737X/53S5tubB/7qrprW333BNoib5DpwEAAHKXPszQ2bYwuFKMT1SSoZJ5H6+89avfCq644KDTAAAAuW7jxYmGugsCyjxz+vQ//KBNW57+/rJ1jR3LbtsWUFlBQ6cBAABylD7MsPWyBQEVce6Jyr76OePzN91yx/S6+QGVFQJ0GgAAIBdNTGS1hS1r6+rmVviev/5E5eSB2SWnZ2y99MbFmzf5XkrI0GkAAIBctPOhF7SFzg0+/zaV/g2PhJDCI7UN48u3fzkaT1Q6QqcBAABy18aLE5XTS3zMUJ+PKO1bVHamon3rzYm1l/qYv1zoNAAAQM7R72a4uaMxPz/PlzyNT1ROTs1pueCyyD1R6QidBgAAyFHXbaqfNrXIez7nPVGZnjrnyIW3f/WfvGerIHQaAAAgt+jDDFeuqfOem/EOhum9F66/8OrG2zu8Z6smdBoAACAX3dzRWFkxxWMm574T+vDC2rFk+x13l8+b6zk0daHTAAAAOUQfZljfMs9LPnp3oTBVU5yu6GjdteiKjV6DUx46DQAAkCtGxya0hdu2N80oFxxmMN7BMOWj+YuzF3b87WMFhYX+hKg2dBoAACBXdD2yR1toEx1mOPdE5aHFZSPlmzZ/qm5dqz/BRQE6DQAAkBPOjIxpC7df21Ra4npg4Mj+P3z397dqy5MHZrdUro3fE5WO0GkAAICccMPn9xJC5teUb21NukponI/IO102+0jjHU/8s//xRQE6DQAAEH8jo+Pawo4rFrtKeLq//+s/O/sIZcX7y9Y3dS674yqfg4sOdBoAACD+rn/0RULIivqZay9y8UikfgfDlA/rakcXddx939Tq6kDiiwh0GgAAIObO/QR2K+9PYOvdBULItA8atrXdnmxr8z2wyEGnAQAAckLryjnL62c5bjY2MvLEf5z9iamSwwsX5S3Z+vDDhVNLA44uGtBpAACAONOHGS6/eP7kgnz2xvoAw9RD9aWj0zZvyq0nKh2h0wAAAPG3qrF66YJKxgbGJyoLBqubKy/NwScqHaHTAAAAsaUPM1xz+WLaMIPxicpJJyuqUotv+9K3cuQbHt1CpwEAAGKudeXcJQsusH3JeMNjxfvLNiy/punea8KKK3rQaQAAgHjShxm2tS2y3UDvMRQfScw/03DV3ffm+BOVjtBpAACAOGtfW5ecV2FaaRxgKDtUv33Dp3HDIw90GgAAIIb0YYbNa+tML5370am+xQvzGzY/cP+U8vJQg4ssdBoAACBuJiay2kJn28LE7HMdgnPdhQ8WTx2dduWV1+Mrm1xBpwEAAOJm50MvaAtXrV+oLZz3ROXRWS1Vufgbld6h0wAAALGiDzN0rEtWVkwxfsNjwfHKqqPJW77wFL7hUYynTkMyee7XRXt7ez0HAwAA4JU+zHDDliXGGx7L32/csGzb8gd2SIorDsQ7Dclk0thRMP0JAAAg0Q1XLHyqZ422XNg/t2546dWffbC0ivWlkOAI0xMAABAf2kMTy1c88aejZ9dMPVS/84p7EmsvlRlWXKDTAAAAsbJ8xRPaQtmhhmRBwxWf+TQGGPwS+U7Dv76K2SnwyW9lBwAxgFYk2/IVZxdmHmzZdAWeqPSZ/52GN9980/jnO++8s3TpUt9LAQAAsDXpWGXT0Po52zd9Qshbb70lOxx3jh07lslkjh496rypB83NzWIJ/e80rFq1ivGn737Ts3o8f6wkOzXQUgLVP/PdaYNzirMRfv6nf94fKg835OU5/FC9mvLySLrgRKb8eNXgQtmxiDtR2j8+aaMj/aQAAAOVSURBVKzy1DzZgYgbnP5BYbqsfCTCw8h4L0s3RkZOzxi4YcsTiaaoflhNpVJDQ0N1deZvsVRE5Kcnttz9SElJyaxZs2QHAhF26tSpw4cPNzY2yg4Eou3tt9+ura0tKyuTHQhAUMQ7Db29vfieBgAAgNzhaaQBHQUAAIDcEdWJKwAAAAhZXjablR1DSPCdlWrCcQEAiIqz0xNeTty0Oxu09fqaa665xjb5wYMH3377bUb+jgmNARBvkyZ6VuxMbHeZsZJRLfHm16HhrNvg2pg1BtOuEebeWePnfNfYrsk1/tYJLa1+DgyzFTFWMoI3bsn51qCtBF8+tITTeIjlIHppOeyVrLdbNpvNZrMLFizICjEl1P/UFoyvdnZ22uZAW8+fkDN4x83E8rHuqWml8SXbjWOMZ0/dHhda3WZDbGPWmBl7YU3L/67JtQZjy7bGxOqEVp/GDENuRY5Ni/YSrSE5npFA50u1hNN4spZovbQc9kr2Kcjmnobk/zP2MkwrHXs3KvRnkwbWldaNOWPm3zXrlipUi3SujguhVFrINenYi2dsgAbjnXFox/pTebbnK1o+1pWhTZB5LMXLCQoNiYf1YsduTiTc2VXhgvw9Bdk8PWEcptBHwKwrFWc9sxCnHcETpCEQOC4ADOzzlSO0NzAynYsIs4XkZuPheuTSsV44bwUIDuf1nh2ewC9952ajcYXn0ETrFG/t97iNn/HBBbyLRHPyWDQaknf6IdBqUl82bRazHoP3sG06DQIN0ZePifxD05ybBfqOwl1FnGzvOBPIx5cK99LGPMaABuORfo1kDBAKMM2RcX5UsA3PVYkez5NoSCoIv/F44VfLMXcarIMzofG94vw9uZiywptWmMBx8avCvX+241nJmRa883i+Ehsx8r0VhZYcTLxcFMJvPF742HK8frlTVMbHhOP0csskOAqzx+AFfwxoMMHp7e2NdE16aUWukoMjrTKNonItcxT0Kcg80uC27nopv0Bhupm5l/4M68GDBx1LEUhoDcx0c76pEmk7YstURdY2p9+QZdy+9/w7wB1LiSW3x0VjrXBaTQbXxmxjELsG8L9r0GDY3J6vOOszzFbk8czDc9qhrQQr69nJbQ4hNB7r+YGEeM06+42Q6MPSoGbAFTQY8A6tSIp4VHvQe4HfnmCJRxuC0KDBgHdoRSAshMaTt2DBAoLRKgAAAHCSQz9YBQAAAF5gegIAAAC4/B83pRxhbHjCFgAAAABJRU5ErkJggg=="
                                height="200"
                width="700"
                margin="0 auto"/>
    
    
        <p style="width: 100%; text-align:center;">
      <a style="color:#0d0d0d;font-family:-apple-system, BlinkMacSystemFont, &#039;Segoe UI&#039;, Roboto, Oxygen-Sans, Cantarell, &#039;Helvetica Neue&#039;, sans-serif;; text-decoration:none; font-size: 9pt;" href="#reportTop">
          Back to top &#8593;
    </a></p>

    <hr style=" border: 0; margin-top: 50px;  height: 1px; background-image: linear-gradient(to right, rgba(231, 231, 231, 0), rgba(231, 231, 231, 1), rgba(2311, 2311, 231, 0));">

    <p style='font-size:15px;line-height:24px;margin:0 0 16px;color:&#x23;212121;font-family:-apple-system,&#x20;BlinkMacSystemFont,&#x20;&#x27;Segoe&#x20;UI&#x27;,&#x20;Roboto,&#x20;Oxygen-Sans,&#x20;Cantarell,&#x20;&#x27;Helvetica&#x20;Neue&#x27;,&#x20;sans-serif;text-align:center;font-size:13px; color:#666;padding-top:30px;margin-bottom:0;'>
        Powered by
        <a style="color:#439fe0;" rel="noreferrer" href="https://matomo.org/" title="Matomo Analytics">Matomo Analytics</a>
        <br />
        The leading open analytics platform that respects your privacy.
    </p>

        <p style='font-size:15px;line-height:24px;margin:0 0 16px;color:&#x23;212121;font-family:-apple-system,&#x20;BlinkMacSystemFont,&#x20;&#x27;Segoe&#x20;UI&#x27;,&#x20;Roboto,&#x20;Oxygen-Sans,&#x20;Cantarell,&#x20;&#x27;Helvetica&#x20;Neue&#x27;,&#x20;sans-serif;text-align:center;font-size:13px; color:#666;'>To unsubscribe from this report please follow this link: <a style="color:#439fe0;" href="__unsubscribeLink__">Unsubscribe</a>.</p>

</div>
</body>
</html>
