<html style="background-color:#edecec">

<head>
    <meta charset="utf-8">
    <meta name="robots" content="noindex,nofollow">
    <meta name="generator" content="Matomo Analytics">
</head>

<body style="color:#212121;font-family:-apple-system, BlinkMacSystemFont, 'Segoe UI', Roboto, Oxygen-Sans, Cantarell, 'Helvetica Neue', sans-serif; line-height: 24px; margin:0 auto; max-width:1000px; background-color:rgb(255, 255, 255);box-shadow: 0px 0px 5px 1px rgba(0,0,0,0.75);">

<a name="reportTop"></a>

<table style="width:100%; background-color: &#x23;3450A3; color: &#x23;fff; padding:10px 0; margin: 0 0 25px 0; height:64px;">
    <tr>
        <td>
            <a style="color:#212121;font-family:-apple-system, BlinkMacSystemFont, 'Segoe UI', Roboto, Oxygen-Sans, Cantarell, 'Helvetica Neue', sans-serif;; font-size:16px;padding:0 15px;padding-bottom: 8px;color: &#x23;fff;height: 22px;display: inline-block;vertical-align: inherit;" rel="noreferrer noopener" target="_blank" href="http://example.com/piwik/tests/PHPUnit/proxy/">
                                    <img src="http://example.com/piwik/tests/PHPUnit/proxy//plugins/Morpheus/images/logo-email.png" height="30px" width="auto" alt="Matomo,&#x20;free&#x2F;libre&#x20;analytics&#x20;platform" />
                            </a>
        </td>
        <td align="right">
                        <a style="color:#212121;font-family:-apple-system, BlinkMacSystemFont, 'Segoe UI', Roboto, Oxygen-Sans, Cantarell, 'Helvetica Neue', sans-serif;; font-size:16px; padding:0 15px; color: &#x23;fff" title="View Web Analytics reports for A very long name for a very tiny test site, that also reaches the 90 character limit fully." target="_blank" href="http://example.com/piwik/tests/PHPUnit/proxy/index.php?module=CoreHome&action=redirectToCoreHomeIndex&idSite=1&period=day&date=today-date-removed-in-tests">
                Dashboard
            </a>
                    </td>
    </tr>
</table>

<div style="margin:0 20px 25px 20px;">

    <h2 style='color:#212121;font-family:-apple-system, BlinkMacSystemFont, &#039;Segoe UI&#039;, Roboto, Oxygen-Sans, Cantarell, &#039;Helvetica Neue&#039;, sans-serif; color:#37474f; line-height:30px; margin:25px 0 15px 0;'>
        Hello,
    </h2>

    <p style='font-size:15px;line-height:24px;margin:0 0 16px;color:#212121;font-family:-apple-system, BlinkMacSystemFont, &#039;Segoe UI&#039;, Roboto, Oxygen-Sans, Cantarell, &#039;Helvetica Neue&#039;, sans-serif;'>
                Please find below your day report for A very long name for a very tiny test site, that also reaches the 90 character limit fully.
                <br />Mail Test report (previous default)
        <br />Date range: week April 4 – 10, 2011
        <br />Sent from http://example.com/piwik/tests/PHPUnit/proxy/.
    </p>

    
    
<h2 id="Actions_getPageTitles" style=" color:#0d0d0d;font-family:-apple-system, BlinkMacSystemFont, &#039;Segoe UI&#039;, Roboto, Oxygen-Sans, Cantarell, &#039;Helvetica Neue&#039;, sans-serif; font-size: 24pt; font-weight:normal; margin:45px 0 30px 0;">
    Page titles
</h2>

            <img alt=""
                                    src="data:image/png;base64,iVBORw0KGgoAAAANSUhEUgAAArwAAADICAIAAACF9KXqAAAACXBIWXMAAA7EAAAOxAGVKw4bAAAeM0lEQVR4nO3dfYweR33A8bnL5S5+Pcf3+N78crYvibEdB6OzIRA5LjgNLqQ45EVHCQ0iLQ4FBUhbIFVbcUh9kYAKGlQk+AMJ/mhrtU0UoVYIRKvIQqXEgbSEytg9INfE5BwTUpsndz6f/fSPtTab3ZnZ2ZfZmd37fmRZe/vszPx2dp7deWZ2n6er0+kIAACANN2uAwAAAPVApwEAABih0wAAAIzQaQAAAEboNAAAACN0GgAAgBE6DQAAwAidBgAAYKScTsP4+Hgp+QAAAG/1FM+igh7D0ydfsF0EAI3rr13nOgQA7hUdaRgfH5+eni4lFAAA4LNCnQZ6DDkcOnijkwwPHbwx+Fdu6RWoY8x1RD0DSJW/0+CwxyA9uwUrOfFJHTp442Pf+G7wT79ZZSEZCiIX6tj0Mdveo7ArVlmHzF4pj33jux42AABeKXRPQ/RuhrAP8cQTT0S3OX78+I4dO4qUIoR45vn52JoTJ04kNztx4sRnHv6a9CWv5IjwYx++9zMPf61IhtFtVLlVX3v6/QpeDUNSxaaJuYI9isZ/6OCNmt0pqzh7e/SZh7+m2oXzZ2csFQqgehMTE/kS5u80RIcZoqMOe/fujW4W+zOm3W7PzMxs375dX1bfq2+EDD4SRT80x/703HXXXVduKpMMY9vki8EGfSTRV1VbFt+Xufn506dnxzaN5UgbLT3ZMutIWp/cCFkBw/Mh4FAJT094JdmZCBbCldENVMux3FSZBOv1xcXWq+JMBhPNJzbzYjjFEMstjFaTW7JCopFrylXlFk2brDT9fplffTWhqtpDLCpVuYZ1rglMGlIsBlVZ0tiSweRo5JrD2ox+DwBLmtZpiErtExTJJPViY3jdMinR/DwuLTeWPF9uyT/1hUr3OrayxOuTSajFD0TxkFQx5C4rR8Jaj9IBcKucL3eq/o7I6CdLkytE8iav5MdTVUHSTPQfi6Mf6DOdkZP5FElb8L62HFegaNckX4b5pOZc/ECYVGasc2YYg6qsWKH6fqo0SJNGTo8BgLmGjzQkV6aOSNeaV3e/exVMDobxa4b6zWsgd13laOTSmTUAMOGg03DHg48m1h1XbfzI596Zu6AleE70Z5ezzgV4yLAyVZtlqgFVJtF7QUocvIne2eBPmwHgP99/sGpqakr1UnAmzTdIkPzUhRI1ZuQmNx9qILWRh7fLVB4agLpy0Gl45HPvvKH/Pw/tPnto99nf2HHm9UM/Dpal/3KXIp3fDV9KbmySp+ZKoJp+Tq5X5azKxyQwadqsyfMxCbiUMKSXN/Nrc8EDoUliQnWPgklZ+mGGHI2cXgKA3Nzc0xCOH1h9Ljl2Ss399IRhDqrbJGPrpdcP6TbRfDT3YKpi0GxpmJuhZG6avTOPJHmxTOaTKfgiB6JIWariSikrR0J9Eh/GSAB4q6vT6Tgs3rDT4OpXLjmBumW1/qOZF/lyp7Ji8IQqJL7cqQJ8uRP85/s9DVjKmjfjrn+E0jkPQwLglSY/cokG0Mzo11G5E0PlalI9A7CE6QnA2fREjTA9UQGmJ+C/eow0cMKCVe12e2XPr7bTzABAi3saAACAkXqMNCw++7jrENBknbn5vhdnF5897TqQSvVs2O86BAA1w0gDAAAwQqfhVbbtv891CCn8j9BQY3bEZ1QygHLVY3pCJTgn/vjxr7gORC52yvY2zupt23/fjx//SvC/6lV9WquxRf+s5qhZ2ilNJQNADvXuNJTC6lk1mrPD07dXV46CwVSwI9UfNast0KujD6DWajw9EZwKg3Oi61iM1ChUhDhqABBq2khDOO4drol9aoytDNbErgqq5MkcosWZf5hTpUqGl4wnmoNqTTJIfebRGtMUncxftb6UyQXVoYzlkAxGXzmGcWqiisWjCkNaliq21Ahjx1e1LI2NwQYAZWlap0HIrhDJ83W4HDufbtt/nyq5ajnf6Tj1qi9dFga3tiXTpl4zzIvWXN40CXPTHAvVBpnyzBqnSdMSheukeKpMCQHAXI2nJ1RM7q3TjDmrTrWqHLIOMEhLUWVe8KpmmFZVM8nkhrculjWkr48/x3UxR5yao6YPQ1pWrMTUblAywmQmUvQYANhQ15GG2Km8ms9VOS6EmpmOWjDf5bpM/BuORoTLqVNFBcsyTJU67ZKjFwsAWTnoNJz766uif24Q4tw3lRuv+si86qXqr1LST95Zk9RIpsH/uuypSZyGo035jn50yEG1QWqEmuLoOgCwx/eRhqmpqampKelLWSezkQmT4jE+VEjsXhzpNkVutQEAPQf3NKz6yPxf/fKhR9Z86ZE1X/r75V/4m7mpYFn6T5pD8oSYOsubOpecSjq7nCkH88xV1wZVidG7EEy219DM0Gvyz1c50qNmfmiyVk7uOPXZ5qgT/TCDJlVy4+RmAGCPm5GGcPCgyt+PV93iZ37XXmzLsm73Mw8vOm+tikSaT+rtjdGskklURauWpaVEN1OVokmoyU0TocmfOcpSFa1ZNi+r9FSMOgAoS1en03FYvGGngV+5tKfgFaX4Iwwlyp3z/Nz86dOzm8bG3IZhiSoefuXSN1V+iALyaeAjl7Cq4CyPaOJ3LBavE3t8iwdArfl+IyR8o5/pyJRJYy5mpdSJDU2qZAA+YHoCKHl6oi6YnvAN0xPwXz1GGji7waqudvv84kzPBk7WAKDDPQ0AAMBIPUYazh075ToENNnc/PzF2ZfOtWlmcClTO1y1Z9R2PEASIw0AAMAInYZX2T25z3UIKfyP0IYK9vrQx99TJPnSPC4aVAjQSPXuNOye3OfzuSkIL/znOhzfeVtF3gZWonL3cffkvqeOHFXlqS/Ldm07eVcuhSaEJaLenYZSWH0/P3XkaPjP4YmjFuesp44cjf7pNuZo6bHAqldBVZS4j0GPwYdINEVU/K503oSAstS40xCcm9xejDOpUajAEsG7Eg1zx4OP3vHgo//wzeOW8q/H0xPmkuOi0T5+uD5cGayJnTU0nzJjOUSLM/8woUqVDC8ZTzQH1ZpkkPrMozWmKTqZv2q9qipiQcaWk7tgflz0uxP9U1p1//7VbyULUu27prqSoWpahXSbZKHSw2fYVDSHJtYIpdWiykSzX+bDDKq3aiyH5B7pG780cnOpp47YS9ITQjK2EiMETPz02Zcs5dy0ToOQnUGS7+dwOXmtUiVXLecbjE296kuXhcFIdTKt9Dybr2jN6U+TMIdMx0W/O0Ld3TEvXZN/MgyTqjBpS6rDl7WpGG6vD8+8/s2l5pm18UsjLx5PuW2+3HcKIHXDtkFLOdd4ekIl9RwttGOShh+hcg8wSEtRZV7wrGeYVlUz+suhvlz9+T35KTNTkJm2LP2krN9Tk6pQHSaTULM2FU08WZt6VCm1qs8kxwU1azsU2nelPgxpWbESU7tBWd8FgN4dDz4qhBjf0L9peLWlIuo60hB7q1fTYc/x9jYZ0fWZ+S6bbCk9Us37sFXkMmD4YTp3/rnDyNFLdiJrBSZbY7lllZUKMHfu5YWNTeo0PLnny/E1Qnkamjh2WPVS9e896SfvrElqJNPgcK33tFy5q8KwwiuoamkR4Vh9NTHkYxKY4RBLvnd3dMhBU42APX29PatW9FrK3PeRhqmpqampKelLWSc7kYm9AYAwZ8Zmo+oy4iKd5m+A5u0RlqwNQ6vsZe7gnoaJY4e/ftuppx/oe/qBvu/f3/Wtu14MlqX/pDkk396pl5/UucZU0tnrTDmYZ666rKpKjM5Sm2yvoZnB1eRvXjnJzN2eqQseRJOmqBnq18SgqUBp/oaHxqTlS4vIUVEm93OYJ09t/NIScx/f1PeUpiz9MIMmwje+99el6+lbI5P1gyvtZe5mpCEcPKjy9+NVt4CZf96NbVnuB2WT8KLzyqpIpPmk3t4YzSqZRFW0allaSlaWxiEMD6Km9NTdNKmK5BExP6aq/E0OTb4LdnRiQp9P7HqZrMZMDSNr41dFnrUsVdGaZfOySn+nADEbh2zd0CCE6Op0OvZyT2XYaeBXLu0pOCrbjEHdufn507OzY2NjqVvWaH9dhVrBxJZb9sIwb4eCX7lEQvDoxLbNV7//zt1bN6yxVEoDH7mEVQVneWCPJ4emebeqeFKxgImX5xat3tPg+42Q8E2OsW5Uw59Do5nUryN/KhZI1b+qr/fKK+zlT6dhqctxElzK503P992f8GxE4nDv/KlYQG94YIXV/OvRaWD2DlZ1t9tXzJxftZ1mBpdohyhuZJ3FRycE9zQAANAY623e0CDqMtJw6tg51yGgyebn516avXiqTTNDUaN77J6yAang0YntWwes3gUpGGkAAKAZLly4aPueBjoNr7JvcrfrEFL4H6ENS3Ovs6KWqkE9w1sDa5Z1d3dZLaLenYZ9k7t9fgMH4YX/XIfjO6qoiH2Tu48eeUqoq1FfvbYr38l7wVJBR488RVuFn4YsDzOIuncaSmH1/X/0yFPhP4cnmlqc44JrXsjzmL0KL+wx5FYwuWERFb8X7O0U/Qb4aahFp0EtOFHW6N1bo1ABq3gvADZssPlTVYF6PD1hLuhJRM9H0U8b4fpwZbAmdv5SJU/mEC3O/GONKlUyvGQ80RxUa5JB6jOP1pim6GT+qvWqqogFGVtO7oL5cZHuizCr3mQmmrQicsFTNSdNWv3GyYahP9CqNfq9k1ZRLJNkzKnlGlavKqpYPKowpGWpYkuNUN8g9bFJ6wRwInh0Yuc1rfWD1h/eaVqnQcjOZckzS7icvFapkquW8504Uq/60mVhMCqeTJt6djMvWnMi1iTMIdNxUe2LSDv6+uSqQyytB/O0mo31sZUltSazNjlRbBdMDpko3NKKp8qUEKhed1fX2v5l1kuxXUD1TK4lmtFRk8tJNIesH/KkpagyL3j+NUyrqplkcsNLtaZ6o9ubXI2kQWbdzDA8Ve2ZFC0tIkd1xbaPhVrKRSt1oCVrEVmPvtC+F/RhSMtKraXUCA0bJD0G+Gyg/6oKSqnrSEPspFPNJ4BMF7lkkjqeccx32WTL1A/o3jL8tF1BJH7KWj/JNlBuWYapUhtkjs8GgCuDa5dXUIqDTsOX9zwZW3NUxNeEDh+bUL1U/Tla+sk7a5IayTRMXes91TOshxzNw0T0w7S3lWwSmOEYXr73VGot5a66cK6kSCZABWx/rVPA95GGqampqakp6UtZp12Rib1LVJhz1hkKJ3y+VDeAD9Vr0iClt1kAXhm1/AXSAQf3NBw+NnHqtq/3PfB03wNPd93//Rfv+lawLP0nzSH51k29/BSfG5bOg2bKwTxz1VlMVWJ0Rtxkew3NXLImf/PKSWZewVnY8Oib1J5mv1KnyTWHSV8JmYYZpO+F3MlTm5y0xNxvjdSWrClLP8ygSZXcOLkZ4K3g0Ykbrm2NtKw/bylcjTSEgwftdntmZmb79u0VFKq63cz8825sy3I/KJuEF51hVUUizSf19sZoVskkqqJVy9JSsqqmelM3M6wH6ZbJzfSHqciu6Zt0piKyNjnpnznKUhWtWTYvq/RUjDrAK729PatW9FZQUFen06mgGBXDTgO/cmlPwXNfM06d8/Nzs7Onx8bGbBeUu7r0Ca0eBU8OsSdhhFTxFPmVyyo/RKExgpGGgzdtOXxXFQNjDXzkElYVnOVZakqpLsP5ixw5+8znluZbPEDr6ioenRD+3wgJ35Q4rr4UVFZdme57qAVvW1rD6hnNUM2jE4LpCUBUOD2BxmN6AhULpic+//EDm0ZWV1BcPUYairwPgVTtdvf5mStGt9PMANRJ0GN47bZ1QwMVTU9wTwMAADW2YllvX29FQwD1GGn42fPHXIeAJpubmz99dnbZ8+1qits8vKeaggAsBQP2f6cqVKjTMD4+Hi5PT08XDgYAAGQzWNXchCgyPTE+Pj4dEe1ANM+BmyZT1+jXlx6AD1lBg3oGUI2Rqh6dEEU6DQ6HFlydjisot0gRJmkP3DT57e8c0WysycT27h+4aTL6z2pZ0UIt5fzt7xyh3wCgAuuHqvgC6UAtb4QMLnuNKTd6aYkWUfolJ+wx5FNBtX/7O0fCf9Vcca3uFP0GAPaEj06s7a/D9ERUMFVRSlZAgCsuAKTqX3nVlT3Vff4v+vREcCtDtMfw3HPPRTeYnZ0dHh5WJV9YWFhYWDh16pS+lDMv/iL65+ShDx557IvR5clDHwxfDV8KXo2ujG4czSGZMLr+cgxnfhEtN1yTTHvmzCvRqjKPbRC9OoahxtZHs1XlHNsmtv2Rx74Y3UC18YGbJqVVGtt9kaiiIFVym9Sq1oQUrkk9xLGXpIc+GVjw/+LihQsXFqUHNNnYNPuV3LUjj30xqM/oyt5LKQ0eS5Ph+RCIuqrnYo42Mzo6mq+4ok9P+DDAELsehH9KT/GqjTXLInFlSt3ecAORuNBGL1qqy5JhzkVoakmzjXmeWWM2OcTRGPKVVTxVpoQAUFxrTV+VxeXvNKh6DOvXr9f8GdNut+fm5lK7PAvd8W5UqzUQLienpVutgdj8fbgcu2kgtk2wRjr3H5SoKjeaKthGlbl0B6PZpi5rco5ury9Fv3Hq7htWUbjesDaiaaMbmBzi1LKi66PLrdbA3Nz8PXd+xOSAxhImw5Ye4lidjA7n7OOj2QzPh0DUjms3jI62KiuutO9pEPX8qgars+b2Mq/jZL/hwx3hcuzqm2mX89WPNJW0fxPr0AQJXd2fC2AJCu6CFEJsGKr0++/zdxpydxE+9dXE1+F9T7nxJ99r97sgbd88X7uc7TGJWbVN7LKd2ieQ5qMfSTKMUFMcXQcAFXvtdetWLu+tskTfH7mcmppyHUJtNPVyVfBJ0XJj0DzTUeWTogAghFjbv6y7u6vKEh10Gj753mOdn962WTywWTwwunB/38/vCpal/3KXEjt9a0aeo2vCD4upaWOSFzZV5sWpcs6Uv/TyZn55NqyicH2JtaHK06QszTDDV/7205pUsY2tfp0GABhat7a6b2gIuPnBqnD8wOrvx0cvHqprYewCk5yoTm4T0kzA6zPXb5a63jznZJLkvX6xbVLzkSaPzuvHAlNVo3lZhnkWL8tGKh+GSQA01Uirui+QDnR1Op2Ki4wy7DTwK5elsHoB8+HqmDuGubn506dnx8bGqgmJX7mElNUPUWiY4EbIz/7+r23deHWV5fp+TwNK1LwZ99j0hPNeS4yHIQFogPDRifXVPjohXE1PwBX910XUjskMlCtNqmcAHtp1bauvt+qLOJ2GJcfSlczVBdLbC7O3gQFohsG1Vd/QIOrSaWAOGFa1220xP7N5mLlkALUxPOCg08A9DQAA1M/o4MrqC6XTAABA/WwYrvouSEGnAQCAGgkfnRgeYKQBAACkuf6a1pU9Dq7gdBoAAKiZkZaDYQZBpwEAgNpxchekoNMAAEDtbKj8uyADdBoAAKiZsZHVTsql0wAAQD2Ej06s7V/mJAA6DQAA1Mn2rQPd3V1OiqbTAABAnWwccnMXpKDTAABAvWweXeOqaDoNAADUycZhN3dBCjoNAADUy+ZROg0AAEAteHRieGD5iuW9rmKg0wAAQG1sGul3WDqdBgAAamO9o++CDNBpAACgNjYN02kAAAAGHD46Ieg0AADgv4sXLwULrn6qKkCnAQAA3939h48JIV6zZaD3yischkGnAQCAehhdt8JtAHQaAACoh9F1LucmBJ0GAADqYr27n6oK0GkAAMBrly51ggW3d0EKOg0AAHju5fkLwcJIi5EGAACgdu8f/7MQYs/O4e7uLreR0GkAAKAGhgccPzohhOhxHQAAAEg3si59buJTX90jhPijOx/vXWmlh8FIAwAANTCa1mkIegxCiIc//7uWYqDTAACAv8IvkN5o9lNVy57dcuDaOywFQ6cBAAB/BV8gLYRY279Ms1k4zLB6buB1k3dbCoZOAwAAvrt5YqPJZt1n+9966z32wqDTAACA74YGlmteDYcZ1s5u3XLzPnth0GkAAMB3wwZf69R9ds0dkx+2GgadBgAAfKd5dCIcZlg/u3Nk1y6rYdBpAADAUxcWLz86kfq85fKZ8bfefq/teOg0AADgqcmPXX50YtWKXukG4TDD8MLG9XsmbMdDpwEAAK/d+sbN+g1WPrPtLYd+q4JI6DQAAOC1dWvlj068cjfD4qYKhhkEnQYAADyn/9WJ3p9vvOXe36kmEjoNAAB4bcOgpNMQDjNsmdveuuaaaiKh0wAAgI/mzi8GC+vWKn+ysveF0Xd96i+qiohOAwAAXrrnoa8HC8v6emIvhcMMN1x8U5Uh0WkAAMBfv7l/XPXSiv+99u2feKjKYOg0AADgr6GB+NzEK8MMy19fcTB0GgAA8NdwotMQWPOT63/t8OGKg6HTAACAdy5d6gQLo4OrouvDYYbXDb+hd6XyBklL6DQAAOCdcy8vBAsDa5YlX135k9fsffe7q41ICDoNAAB46H1/+i/BwpU9r1ypw2GGmzYfWNbfX31UdBoAAPDUnbdcl1y55ie7bnzf+6oPRtBpAADAW9FHJ8Jhhpt3vM1ROHQaAADw1Ugrfqvj4MmJ103e7SQYQacBAADfXFi8FCysH7r86EQ4zLBvz9vdxCSEoNMAAIBvXvy/uWBh9Yq+6PrRk2+4/vZ3uIjoMjoNAAD45ff+7JvBQnd3l4gMM9xy67ucxSSEoNMAAICf3nXwNUKIhV+1gz9HTrxhy837nEZEpwEAAC8Nt1YIIf7yn/YHf05+6E+chiMEnQYAAPw0OrhqceHy90Ju/Z8394+OuI1HCBH/iW4AAODQ+YXFYGH94Ko//7sbg+Xb7vuQu4hewUgDAAAemf3F5ZsYlvVd/mC/bfrWq7dsdhVPFJ0GAAA88tFP/2uwED408ea773EXzqvQaQAAwDvvefuOYOH6Z942tGun22BCdBoAAPDOD5+7PLqw/933uo0kik4DAAB+6b94Nlh47cw7Wtdc4zaYqEJPT4yPj4fL09PThYMBAGBJa7+8IITYPPGF4M+3PfgHTsOJy99pGB8fj3YUYn8CAICsnnvhVyOLLwTLN734nt6V8V+5dIvpCQAAfPHQ5x8f3PPlYPmWBz/qNpgkOg0AAPgiHGZ4y9z73UYi5fgbIT/7j/uFEOJ7bqMAhBC0Q/iBdri0DV7+agax7wP3Ow1ErvxOwxNPPBH98/jx4zt27Ci9FAAAmmrnc5NPPvmkvfwnJibyJSy/07B3717NnzFn/uMDP5z9t/65wdzFnWlN951b07/Qypf8wuLi7Ph/DT1zfe4AXlr9865Od+vcxtw5PD/y36uf33RVJ+fdLu3ul9qt04Oz1+UOgDpsd/+y3XrBYR0KIU6N/WBwJn8d/nLVKdd16LgdCiFOjf2g9bMdXV05Z11fWn2qq9PVOrcpdwDNaIc1r8Pat8PzV7RXXFx98BOHV67tzx2DPY6nJ97025MbZt64c6cv33WFpencuXMzMzO0Q7hFO4T/8ncapqen+Z4GAACWjkIjDXQUAABYOnjkEgAAGOnqdDquYwAAZMA38MIVo+mJ4N6FsI0mb2W4/fbbpQlPnjz5ox/9SJOzYcJYANIY9MFHt5SmLVIEVKS1mq8yDY+j1aZoGEOR+IXB2w16RS6ohgfFXjOLBiCKHfEwq6wtU79SUy1YEjpptm7dGv4fXYj+eejQIWla1frUDaLrYwGoYpBKbilNW6QIaKgqPEc+htnaa4rmMSSZpzV5u0Evdy0ZHpROhc3MMNQcG0g3S+5pJ+0kSZtcanqCXrmmTxpbU32nskiJhmnpKdsTtK5kDcc+ykS3SW6f2iwrUEE7LFgKkmJnNv3pTlX5PhwU/XhALELzsZYiLdOHakH1esSrWxhTZahA8idSHQaDBkue2ep4upO+X/Q7wqwWLOkRuZqU4WyZV2IfMlAZ1WCDdJvULaXnx4rbYfQKFK40jIF26FbqYXJ+cjNsVKlvqGiGJvtSly4U3Mr5PQ05uurSs+SuXbvylZ7pnMvdOs6Z9AZSlXIflrTlmOcQLTH5+c/kjjPaYZVydM5KGYco0sykm1ntZdIyYa66r5GWtkjVvcSZctO/neg+N0NZAwwFb0cvchWhHVYsNoBfZdGlH2vN7ENBtExkkvnLnXwbVpUOFCdfhXOp40Oa0QivpiRSN8udFm75dnJTyR1nMiEtE1ldvhEy/Ftzl3s4hGX+fPzJkydTI0hNmAwgutJ8hjLcXvPEfFiEajdRihzVKz3fxfIMFipoimGJ+b6nQZPW8O0GE1nnMc0PirDZzEwCGx8f1zSMgi3T8CQprRY0XtfWrVubcbDpMsMHtEPnOAQq1AyKa8hvT/BmgA9oh/AWjROl4LcnADQE4+SAbXQaAACAkYZMTwAAANv+H2Koes8ZGrs5AAAAAElFTkSuQmCC"
                                height="200"
                width="700"
                margin="0 auto"/>
    
    
        <p style="width: 100%; text-align:center;">
      <a style="color:#0d0d0d;font-family:-apple-system, BlinkMacSystemFont, &#039;Segoe UI&#039;, Roboto, Oxygen-Sans, Cantarell, &#039;Helvetica Neue&#039;, sans-serif;; text-decoration:none; font-size: 9pt;" href="#reportTop">
          Back to top &#8593;
    </a></p>

    <hr style=" border: 0; margin-top: 50px;  height: 1px; background-image: linear-gradient(to right, rgba(231, 231, 231, 0), rgba(231, 231, 231, 1), rgba(2311, 2311, 231, 0));">

    <p style='font-size:15px;line-height:24px;margin:0 0 16px;color:&#x23;212121;font-family:-apple-system,&#x20;BlinkMacSystemFont,&#x20;&#x27;Segoe&#x20;UI&#x27;,&#x20;Roboto,&#x20;Oxygen-Sans,&#x20;Cantarell,&#x20;&#x27;Helvetica&#x20;Neue&#x27;,&#x20;sans-serif;text-align:center;font-size:13px; color:#666;padding-top:30px;margin-bottom:0;'>
        Powered by
        <a style="color:#439fe0;" rel="noreferrer" href="https://matomo.org/" title="Matomo Analytics">Matomo Analytics</a>
        <br />
        The leading open analytics platform that respects your privacy.
    </p>

        <p style='font-size:15px;line-height:24px;margin:0 0 16px;color:&#x23;212121;font-family:-apple-system,&#x20;BlinkMacSystemFont,&#x20;&#x27;Segoe&#x20;UI&#x27;,&#x20;Roboto,&#x20;Oxygen-Sans,&#x20;Cantarell,&#x20;&#x27;Helvetica&#x20;Neue&#x27;,&#x20;sans-serif;text-align:center;font-size:13px; color:#666;'>To unsubscribe from this report please follow this link: <a style="color:#439fe0;" href="__unsubscribeLink__">Unsubscribe</a>.</p>

</div>
</body>
</html>
